/Users/samuellarson/Library/Python/3.9/lib/python/site-packages/urllib3/__init__.py:35: NotOpenSSLWarning: urllib3 v2 only supports OpenSSL 1.1.1+, currently the 'ssl' module is compiled with 'LibreSSL 2.8.3'. See: https://github.com/urllib3/urllib3/issues/3020
  warnings.warn(
Fetching 3 files:   0%|          | 0/3 [00:00<?, ?it/s]Fetching 3 files:  33%|███▎      | 1/3 [04:12<08:25, 252.88s/it]Fetching 3 files:  67%|██████▋   | 2/3 [04:23<01:50, 110.47s/it]Fetching 3 files: 100%|██████████| 3/3 [04:23<00:00, 87.89s/it] 
Loading checkpoint shards:   0%|          | 0/3 [00:00<?, ?it/s]Loading checkpoint shards:  33%|███▎      | 1/3 [00:00<00:00,  3.58it/s]Loading checkpoint shards:  67%|██████▋   | 2/3 [00:02<00:01,  1.17s/it]Loading checkpoint shards: 100%|██████████| 3/3 [00:03<00:00,  1.07s/it]Loading checkpoint shards: 100%|██████████| 3/3 [00:03<00:00,  1.01s/it]
== committed (n=40, seam_mismatches=0) ==
  boring_expected              s_cold=1.816  s_primed=2.513  deltaS=-0.697
  real_joke                    s_cold=3.597  s_primed=4.098  deltaS=-0.501
  setup_nonsequitur            s_cold=4.462  s_primed=4.499  deltaS=-0.037
  vague_abstract_gaming_probe  s_cold=4.021  s_primed=4.168  deltaS=-0.147
  auc_deltaS_joke_vs_nonseq            0.160
  auc_surprisal_joke_vs_nonseq         0.306
  auc_entropy_joke_vs_nonseq           0.333
  auc_gap_deltaS_minus_surprisal       -0.146
  auc_deltaS_joke_vs_vague             0.260
== held_out (n=12, seam_mismatches=0) ==
  boring_expected              s_cold=1.665  s_primed=2.081  deltaS=-0.416
  real_joke                    s_cold=3.103  s_primed=3.473  deltaS=-0.369
  setup_nonsequitur            s_cold=2.986  s_primed=2.771  deltaS=+0.215
  vague_abstract_gaming_probe  s_cold=3.452  s_primed=4.187  deltaS=-0.735
  auc_deltaS_joke_vs_nonseq            0.000
  auc_surprisal_joke_vs_nonseq         0.562
  auc_entropy_joke_vs_nonseq           0.562
  auc_gap_deltaS_minus_surprisal       -0.562
  auc_deltaS_joke_vs_vague             0.750
results -> experiment-runs/2026-07-29-exp019-pivot-differential/results.json
